[debug] [2026-06-30T06:44:57.639Z] ----------------------------------------------------------------------
[debug] [2026-06-30T06:44:57.641Z] Command:       C:\nvm4w\nodejs\node.exe C:\nvm4w\nodejs\node_modules\firebase-tools\lib\bin\firebase.js init hosting
[debug] [2026-06-30T06:44:57.641Z] CLI Version:   15.22.0
[debug] [2026-06-30T06:44:57.641Z] Platform:      win32
[debug] [2026-06-30T06:44:57.642Z] Node Version:  v24.14.1
[debug] [2026-06-30T06:44:57.642Z] Detected Agent: unknown
[debug] [2026-06-30T06:44:57.642Z] Time:          Tue Jun 30 2026 12:14:57 GMT+0530 (India Standard Time)
[debug] [2026-06-30T06:44:57.642Z] ----------------------------------------------------------------------
[debug] 
[debug] [2026-06-30T06:44:57.644Z] >>> [apiv2][query] GET https://firebase-public.firebaseio.com/cli.json [none]
[info] 
     ######## #### ########  ######## ########     ###     ######  ########
     ##        ##  ##     ## ##       ##     ##  ##   ##  ##       ##
     ######    ##  ########  ######   ########  #########  ######  ######
     ##        ##  ##    ##  ##       ##     ## ##     ##       ## ##
     ##       #### ##     ## ######## ########  ##     ##  ######  ########

You're about to initialize a Firebase project in this directory:

  E:\SideProjects\RFPProject

[debug] [2026-06-30T06:45:01.617Z] <<< [apiv2][status] GET https://firebase-public.firebaseio.com/cli.json 200
[debug] [2026-06-30T06:45:01.617Z] <<< [apiv2][body] GET https://firebase-public.firebaseio.com/cli.json {"cloudBuildErrorAfter":1594252800000,"cloudBuildWarnAfter":1590019200000,"defaultNode10After":1594252800000,"minVersion":"3.0.5","node8DeploysDisabledAfter":1613390400000,"node8RuntimeDisabledAfter":1615809600000,"node8WarnAfter":1600128000000}
[info] 
=== Project Setup
[info] 
[info] First, let's associate this project directory with a Firebase project.
[info] You can create multiple project aliases by running firebase use --add, 
[info] 
[info] i  If you want to create a project in a Google Cloud organization or folder, please use "firebase projects:create" instead, and return to this command when you've created the project. 
[debug] [2026-06-30T06:53:15.819Z] > command requires scopes: ["email","openid","https://www.googleapis.com/auth/cloudplatformprojects.readonly","https://www.googleapis.com/auth/firebase","https://www.googleapis.com/auth/cloud-platform"]
[debug] [2026-06-30T06:53:15.820Z] > authorizing via signed-in user (sunidhimishra1203@gmail.com)
